[2026-04-12 21:27:33.607] [info] Updating Model file from 40000 to latest format...
[2026-04-12 21:27:33.657] [info] Loaded model ThoracoscapularShoulderModel-scaled from file \\tudelft.net\staff-umbrella\LoaD Project\RMR\Input\shoulder_model\TSM_Ajay2019_noWeight.osim
[2026-04-12 21:27:33.696] [warning] Couldn't find file 'thorax.vtp'.
[2026-04-12 21:27:33.740] [warning] Couldn't find file 'groundspine.vtp'.
[2026-04-12 21:27:33.784] [warning] Couldn't find file 'clavicle.vtp'.
[2026-04-12 21:27:33.826] [warning] Couldn't find file 'scapula.vtp'.
[2026-04-12 21:27:33.867] [warning] Couldn't find file 'humerus.vtp'.
[2026-04-12 21:27:33.909] [warning] Couldn't find file 'ulna.vtp'.
[2026-04-12 21:27:33.954] [warning] Couldn't find file 'radius.vtp'.
[2026-04-12 21:30:42.032] [info] Updating Model file from 40000 to latest format...
[2026-04-12 21:30:42.077] [info] Loaded model ThoracoscapularShoulderModel-scaled from file \\tudelft.net\staff-umbrella\LoaD Project\RMR\Input\shoulder_model\TSM_Ajay2019_noWeight.osim
[2026-04-12 21:30:42.116] [warning] Couldn't find file 'thorax.vtp'.
[2026-04-12 21:30:42.157] [warning] Couldn't find file 'groundspine.vtp'.
[2026-04-12 21:30:42.199] [warning] Couldn't find file 'clavicle.vtp'.
[2026-04-12 21:30:42.244] [warning] Couldn't find file 'scapula.vtp'.
[2026-04-12 21:30:42.285] [warning] Couldn't find file 'humerus.vtp'.
[2026-04-12 21:30:42.330] [warning] Couldn't find file 'ulna.vtp'.
[2026-04-12 21:30:42.375] [warning] Couldn't find file 'radius.vtp'.
[2026-04-12 21:31:34.899] [info] Updating Model file from 40000 to latest format...
[2026-04-12 21:31:34.944] [info] Loaded model ThoracoscapularShoulderModel-scaled from file \\tudelft.net\staff-umbrella\LoaD Project\RMR\Input\shoulder_model\TSM_Ajay2019_noWeight.osim
[2026-04-12 21:31:34.984] [warning] Couldn't find file 'thorax.vtp'.
[2026-04-12 21:31:35.022] [warning] Couldn't find file 'groundspine.vtp'.
[2026-04-12 21:31:35.067] [warning] Couldn't find file 'clavicle.vtp'.
[2026-04-12 21:31:35.112] [warning] Couldn't find file 'scapula.vtp'.
[2026-04-12 21:31:35.154] [warning] Couldn't find file 'humerus.vtp'.
[2026-04-12 21:31:35.192] [warning] Couldn't find file 'ulna.vtp'.
[2026-04-12 21:31:35.235] [warning] Couldn't find file 'radius.vtp'.
[2026-04-12 21:32:28.541] [info] Updating Model file from 40000 to latest format...
[2026-04-12 21:32:28.574] [info] Loaded model ThoracoscapularShoulderModel-scaled from file \\tudelft.net\staff-umbrella\LoaD Project\RMR\Input\shoulder_model\TSM_Ajay2019_noWeight.osim
[2026-04-12 21:32:28.612] [warning] Couldn't find file 'thorax.vtp'.
[2026-04-12 21:32:28.656] [warning] Couldn't find file 'groundspine.vtp'.
[2026-04-12 21:32:28.694] [warning] Couldn't find file 'clavicle.vtp'.
[2026-04-12 21:32:28.732] [warning] Couldn't find file 'scapula.vtp'.
[2026-04-12 21:32:28.780] [warning] Couldn't find file 'humerus.vtp'.
[2026-04-12 21:32:28.825] [warning] Couldn't find file 'ulna.vtp'.
[2026-04-12 21:32:28.862] [warning] Couldn't find file 'radius.vtp'.
[2026-04-12 21:33:10.263] [info] Updating Model file from 40000 to latest format...
[2026-04-12 21:33:10.305] [info] Loaded model ThoracoscapularShoulderModel-scaled from file \\tudelft.net\staff-umbrella\LoaD Project\RMR\Input\shoulder_model\TSM_Ajay2019_noWeight.osim
[2026-04-12 21:33:10.360] [warning] Couldn't find file 'thorax.vtp'.
[2026-04-12 21:33:10.398] [warning] Couldn't find file 'groundspine.vtp'.
[2026-04-12 21:33:10.437] [warning] Couldn't find file 'clavicle.vtp'.
[2026-04-12 21:33:10.477] [warning] Couldn't find file 'scapula.vtp'.
[2026-04-12 21:33:10.516] [warning] Couldn't find file 'humerus.vtp'.
[2026-04-12 21:33:10.558] [warning] Couldn't find file 'ulna.vtp'.
[2026-04-12 21:33:10.600] [warning] Couldn't find file 'radius.vtp'.
